<?xml version="1.0" encoding="utf-8"?><testsuites><testsuite name="pytest" errors="0" failures="0" skipped="0" tests="7" time="3.372" timestamp="2024-06-13T00:29:31.365308" hostname="ampere2.stanford.edu"><testcase classname="tests.test_data" name="test_packed_sft_dataset" time="0.250" /><testcase classname="tests.test_data" name="test_iterate_batches" time="0.265" /><testcase classname="tests.test_dpo" name="test_per_instance_dpo_loss" time="1.177" /><testcase classname="tests.test_metrics" name="test_parse_mmlu_response" time="0.000" /><testcase classname="tests.test_metrics" name="test_parse_mmlu_response_unknown" time="0.000" /><testcase classname="tests.test_metrics" name="test_parse_gsm8k_response" time="0.000" /><testcase classname="tests.test_metrics" name="test_parse_gsm8k_response_unknown" time="0.000" /></testsuite></testsuites>